// TypeSpecFromSerializers CacheKey 6e82f9b05515cf2d2fd0ea698478f2de
//
// DO NOT MODIFY: This file was automatically generated by TypeSpecFromSerializers.
import "./Composer.tsp";
import "./ComposerWithSongs.tsp";
import "./Model.tsp";
import "./Nested/Album.tsp";
import "./SnakeComposer.tsp";
import "./Song.tsp";
import "./SongWithVideos.tsp";
import "./Video.tsp";
import "./VideoWithSong.tsp";
