// TypeSpecFromSerializers CacheKey dca2c2c8d77d5755dd1b541c63c600aa
//
// DO NOT MODIFY: This file was automatically generated by TypeSpecFromSerializers.
import "../../AnyModel.tsp";

namespace Schema {
  model Model {
    id: AnyModel.id::type;
    title: AnyModel.title::type;
  }
}
