// TypeSpecFromSerializers CacheKey 9729d98e0da9a789e2300bd92c559233
//
// DO NOT MODIFY: This file was automatically generated by TypeSpecFromSerializers.
import "./Composer.tsp";

namespace Schema {
  model Song {
    id: int32;
    composer: Composer;
    genre: "fingerstyle" | "rock" | "classical";
    tempo: "slow" | "medium" | "fast";
    title?: string;
  }
}
