// TypeSpecFromSerializers CacheKey b916672a64183f73418d0a148c0fafd6
//
// DO NOT MODIFY: This file was automatically generated by TypeSpecFromSerializers.
export {}

namespace Schema {
  model Composer {
    id: int32;
    firstName?: string;
    lastName?: string;
    name: string;
  }
}
