// TypeSpecFromSerializers CacheKey c8991d0096a537fab35fb4b24c8b00d8
//
// DO NOT MODIFY: This file was automatically generated by TypeSpecFromSerializers.
import "../../AnyModel.tsp";
import "../Song.tsp";

namespace Schema {
  model NestedAlbum {
    id: AnyModel.id::type;
    title: AnyModel.title::type;
    tracks: Song[];
  }
}
