// TypeSpecFromSerializers CacheKey fff01f0042ef5d3a82c6e2f4daeb4816
//
// DO NOT MODIFY: This file was automatically generated by TypeSpecFromSerializers.
export {}

namespace Schema {
  model ComposerWithSongsSong {
    id: int32;
    title?: string;
  }
}
