// TypeSpecFromSerializers CacheKey 231bb46c0165b6732c54131c657ecdbb
//
// DO NOT MODIFY: This file was automatically generated by TypeSpecFromSerializers.
export {}

namespace Schema {
  model Video {
    id: int32;
    createdAt: utcDateTime;
    title?: string;
    untypedFieldExample: unknown;
    youtubeId?: string;
    youtubeUrl?: string;
  }
}
