// TypeSpecFromSerializers CacheKey cf763d5b1bf298cb23743abc672aab4d
//
// DO NOT MODIFY: This file was automatically generated by TypeSpecFromSerializers.
import "@typespec/http";

import "./Video.tsp";
import "./Composer.tsp";
import "./Song.tsp";

using TypeSpec.Http;

namespace Routes {
  @route("/rails/info")
  interface RailsInfo {
    @get properties(): unknown;
    @get routes(): unknown;
    @get list(): unknown[];
  }

  @route("/videos")
  interface Videos {
    @get list(): Video[];
    @get read(@path id: string): Video;
  }

  @route("/composers")
  interface Composers {
    @get list(): Composer[];
    @get read(@path id: string): Composer;
  }

  @route("/songs")
  interface Songs {
    @get list(): Song[];
    @get read(@path id: string): Song;
  }

  @route("/rails/welcome")
  interface RailsWelcome {
    @get list(): unknown[];
  }
}
